// Jest Snapshot v1, https://goo.gl/fbAQLP

exports[`react-smooth-animations exports module correctly 1`] = `
Array [
  "FadeIn",
  "FadeInUp",
  "FadeInLeft",
  "FadeInDown",
  "FadeInRight",
  "FadeOut",
  "FadeOutUp",
  "FadeOutLeft",
  "FadeOutDown",
  "FadeOutRight",
  "SlideInUp",
  "SlideInLeft",
  "SlideInDown",
  "SlideInRight",
  "SlideOutUp",
  "SlideOutLeft",
  "SlideOutDown",
  "SlideOutRight",
  "ZoomIn",
  "ZoomInUp",
  "ZoomInLeft",
  "ZoomInDown",
  "ZoomInRight",
  "ZoomOut",
  "ZoomOutUp",
  "ZoomOutLeft",
  "ZoomOutDown",
  "ZoomOutRight",
  "BounceIn",
  "BounceInUp",
  "BounceInLeft",
  "BounceInDown",
  "BounceInRight",
  "BounceOut",
  "BounceOutUp",
  "BounceOutLeft",
  "BounceOutDown",
  "BounceOutRight",
  "FlipInUp",
  "FlipInLeft",
  "FlipInDown",
  "FlipInRight",
  "FlipOutUp",
  "FlipOutLeft",
  "FlipOutDown",
  "FlipOutRight",
]
`;
